
> edapp-front@0.0.0 build
> vue-tsc -b && vite build

src/components/DrawingLayer.vue(2,33): error TS6133: 'computed' is declared but its value is never read.
src/components/DrawingLayer.vue(7,32): error TS6133: 'Drawing' is declared but its value is never read.
src/components/DrawingLayer.vue(113,9): error TS6133: 'p1' is declared but its value is never read.
src/components/DrawingLayer.vue(114,9): error TS6133: 'p2' is declared but its value is never read.
